// Jest Snapshot v1, https://goo.gl/fbAQLP

exports[`testing App.js with snapshot test App.js dom snapshot 1`] = `
<div
  className="App"
>
  <header
    className="App-header"
  >
    <header
      className="header"
    >
      <nav
        className="navbar"
      >
        <div
          className="brand"
        >
          <h1>
            <a
              href="/"
              onClick={[Function]}
            >
              Math Magicians
            </a>
          </h1>
        </div>
        <ul
          className="nav_items"
        >
          <li
            className="nav_item"
          >
            <a
              aria-current="page"
              className="nav_link active"
              href="/"
              onClick={[Function]}
            >
              Home
            </a>
          </li>
          <li>
            <a
              className="nav_link"
              href="/calculator"
              onClick={[Function]}
            >
              Calculator
            </a>
          </li>
          <li>
            <a
              className="nav_link"
              href="/quote"
              onClick={[Function]}
            >
              Quote
            </a>
          </li>
        </ul>
      </nav>
    </header>
    <main
      className="main"
    >
      <div
        className="container"
      >
        <section
          className="home"
        >
          <h2>
            Welcome to our page!
          </h2>
          <p>
            Welcome to Math Magicians, your online destination for math enthusiasts! Our website features a powerful calculator that can handle basic arithmetic operations, Plus, our calculator is fully responsive, so you can use it on any device, from desktops to smartphones. In addition to our calculator, we also provide daily inspiration in the form of a random quote These quotes come from famous mathematicians and other notable figures in the world of science and technology, and are sure to motivate and inspire you as you tackle even the toughest math problems.
          </p>
        </section>
      </div>
    </main>
  </header>
</div>
`;
