// Jest Snapshot v1, https://goo.gl/fbAQLP

exports[`Testing Calculator component with snapshot testing Calculator component snapshot 1`] = `
<div
  className="calculator"
>
  <p
    className="calc-result"
    data-testid="total_value"
    type="text"
  >
    0
  </p>
  <ul
    className="buttons-container"
  >
    <li
      className="button-row"
    >
      <button
        className="calc-btn"
        onClick={[Function]}
        type="button"
      >
        AC
      </button>
      <button
        className="calc-btn"
        onClick={[Function]}
        type="button"
      >
        +/-
      </button>
      <button
        className="calc-btn"
        onClick={[Function]}
        type="button"
      >
        %
      </button>
      <button
        className="calc-btn btn-operation"
        onClick={[Function]}
        type="button"
      >
        รท
      </button>
    </li>
    <li
      className="button-row"
    >
      <button
        className="calc-btn"
        onClick={[Function]}
        type="button"
      >
        7
      </button>
      <button
        className="calc-btn"
        onClick={[Function]}
        type="button"
      >
        8
      </button>
      <button
        className="calc-btn"
        onClick={[Function]}
        type="button"
      >
        9
      </button>
      <button
        className="calc-btn btn-operation"
        onClick={[Function]}
        type="button"
      >
        x
      </button>
    </li>
    <li
      className="button-row"
    >
      <button
        className="calc-btn"
        onClick={[Function]}
        type="button"
      >
        4
      </button>
      <button
        className="calc-btn"
        onClick={[Function]}
        type="button"
      >
        5
      </button>
      <button
        className="calc-btn"
        onClick={[Function]}
        type="button"
      >
        6
      </button>
      <button
        className="calc-btn btn-operation"
        onClick={[Function]}
        type="button"
      >
        -
      </button>
    </li>
    <li
      className="button-row"
    >
      <button
        className="calc-btn"
        onClick={[Function]}
        type="button"
      >
        3
      </button>
      <button
        className="calc-btn"
        onClick={[Function]}
        type="button"
      >
        2
      </button>
      <button
        className="calc-btn"
        onClick={[Function]}
        type="button"
      >
        1
      </button>
      <button
        className="calc-btn btn-operation"
        onClick={[Function]}
        type="button"
      >
        +
      </button>
    </li>
    <li
      className="button-row"
    >
      <button
        className="calc-btn btn-zero"
        onClick={[Function]}
        type="button"
      >
        0
      </button>
      <button
        className="calc-btn"
        onClick={[Function]}
        type="button"
      >
        .
      </button>
      <button
        className="calc-btn btn-operation"
        onClick={[Function]}
        type="button"
      >
        =
      </button>
    </li>
  </ul>
</div>
`;
