// Jest Snapshot v1, https://goo.gl/fbAQLP

exports[`Test Card component with snapshot should match with snapshot 1`] = `
<div
  className=""
>
  <h1>
    Text to pass to test.
  </h1>
</div>
`;
